// Vitest Snapshot v1, https://vitest.dev/guide/snapshot.html

exports[`OpenAPI types generation > generates DTS modules for directory output 1`] = `
"declare module 'apiful/schema' {
  import { OpenAPIEndpoint, OpenAPIPathMethods } from 'apiful/openapi'
  import { paths as TestEchoPaths, components as TestEchoComponents } from 'apiful/schema/testEcho'

  interface OpenAPISchemaRepository {
    'testEcho': TestEchoPaths
  }

  /**
   * OpenAPI endpoint type helper for the TestEcho API.
   *
   * @example
   * // Get path parameters for retrieving a user by ID:
   * type UserParams = TestEcho<'/users/{id}', 'get'>['path']
   *
   * // Get query parameters for listing users:
   * type UsersQuery = TestEcho<'/users', 'get'>['query']
   *
   * // Get request body type for creating a user:
   * type CreateUserBody = TestEcho<'/users', 'post'>['request']
   *
   * // Get success response for retrieving a user:
   * type UserResponse = TestEcho<'/users/{id}', 'get'>['response']
   *
   * // Get a specific status code response:
   * type UserNotFoundResponse = TestEcho<'/users/{id}', 'get'>['responses'][404]
   *
   * // Get complete endpoint type definition:
   * type UserEndpoint = TestEcho<'/users/{id}', 'get'>
   */
  export type TestEcho<
    Path extends keyof TestEchoPaths,
    Method extends OpenAPIPathMethods<TestEchoPaths, Path>
  > = OpenAPIEndpoint<TestEchoPaths, Path, Method>
  
  /**
   * @example
   * type AvailablePaths = TestEchoApiPaths // Returns literal union of all available paths
   */
  export type TestEchoApiPaths = keyof TestEchoPaths
  
  /**
   * @example
   * type UserMethods = TestEchoApiMethods<'/users/{id}'> // Returns 'get' | 'put' | 'delete' etc.
   */
  export type TestEchoApiMethods<Path extends keyof TestEchoPaths> = OpenAPIPathMethods<TestEchoPaths, Path>
  
  /**
   * @example
   * type Pet = TestEchoModel<'Pet'> // Get the Pet schema model
   * type User = TestEchoModel<'User'> // Get the User schema model
   */
  export type TestEchoModel<T extends keyof TestEchoComponents['schemas']> = TestEchoComponents['schemas'][T]
}
"
`;

exports[`OpenAPI types generation > generates DTS modules for directory output 2`] = `
{
  "testEcho": "declare module 'apiful/schema/testEcho' {
  export interface paths {
    "/echo/{id}": {
      parameters: {
        query?: never;
        header?: never;
        path?: never;
        cookie?: never;
      };
      /** Echo a path parameter back */
      get: operations["echoById"];
      put?: never;
      post?: never;
      delete?: never;
      options?: never;
      head?: never;
      patch?: never;
      trace?: never;
    };
    "/echo/request": {
      parameters: {
        query?: never;
        header?: never;
        path?: never;
        cookie?: never;
      };
      get?: never;
      put?: never;
      /** Echo the request details back */
      post: operations["echoRequest"];
      delete?: never;
      options?: never;
      head?: never;
      patch?: never;
      trace?: never;
    };
  }
  export type webhooks = Record<string, never>;
  export interface components {
    schemas: {
      StaticResponse: {
        value: string;
      };
      EchoRequest: {
        [key: string]: unknown;
      };
      EchoResponse: {
        path: string;
        body?: {
          [key: string]: unknown;
        } | null;
        /** @enum {string} */
        method: "GET" | "POST";
      };
      Error: {
        statusCode: number;
        statusMessage: string;
      };
    };
    responses: {
      /** @description The requested resource was not found */
      NotFound: {
        headers: {
          [name: string]: unknown;
        };
        content: {
          "application/json": components["schemas"]["Error"];
        };
      };
      /** @description The request was malformed or invalid */
      BadRequest: {
        headers: {
          [name: string]: unknown;
        };
        content: {
          "application/json": components["schemas"]["Error"];
        };
      };
    };
    parameters: never;
    requestBodies: never;
    headers: never;
    pathItems: never;
  }
  export type $defs = Record<string, never>;
  export interface operations {
    echoById: {
      parameters: {
        query?: {
          value?: string;
        };
        header?: never;
        path: {
          id: string;
        };
        cookie?: never;
      };
      requestBody?: never;
      responses: {
        /** @description Successful echo of the path parameter */
        200: {
          headers: {
            [name: string]: unknown;
          };
          content: {
            "application/json": components["schemas"]["StaticResponse"];
          };
        };
        404: components["responses"]["NotFound"];
      };
    };
    echoRequest: {
      parameters: {
        query?: never;
        header?: never;
        path?: never;
        cookie?: never;
      };
      requestBody: {
        content: {
          "application/json": components["schemas"]["EchoRequest"];
        };
      };
      responses: {
        /** @description Successful echo of the request details */
        200: {
          headers: {
            [name: string]: unknown;
          };
          content: {
            "application/json": components["schemas"]["EchoResponse"];
          };
        };
        400: components["responses"]["BadRequest"];
      };
    };
  }
}
",
}
`;
